// Jest Snapshot v1, https://goo.gl/fbAQLP

exports[`Nav component matches the snapshot 1`] = `
<div
  className="nav"
>
  <li
    className="logo"
  >
    Math Magician
  </li>
  <ul
    className="menu"
  >
    <li>
      <a
        className="item"
        href="/"
        onClick={[Function]}
      >
        Home
      </a>
    </li>
    <li>
      <a
        className="item"
        href="/calculator"
        onClick={[Function]}
      >
        Calculator
      </a>
    </li>
    <li
      className="item"
    >
      <a
        className="nav-link"
        href="/quote"
        onClick={[Function]}
      >
        Quote
      </a>
    </li>
  </ul>
</div>
`;
